// Jest Snapshot v1, https://goo.gl/fbAQLP

exports[`Checks Previous & Current operations correctly changes after compute API Call 1`] = `
<DocumentFragment>
  <div
    class="sc-gtsrHT dfpLLh"
  >
    <div
      class="sc-dlnjwi iSuClT"
    >
      <div
        class="sc-jSFjdj hxnBlO"
      >
        <div
          class="sc-eCApnc dXrzPs"
          data-testid="history-icon"
          title="Show history"
        >
          ⎌
        </div>
        <span
          class="sc-gKAaRy hacYTM"
          data-testid="previous-operation"
        >
          ANS
        </span>
        <span
          class="sc-iCoGMd fnuvty"
          data-testid="current-operation"
        >
          0
        </span>
      </div>
      <button
        class="sc-bdnxRM rpSRV sc-fujyAs gdlikn"
        color="black"
        label="AC"
        span="2"
      >
        AC
      </button>
      <button
        class="sc-bdnxRM cOanBT sc-fujyAs gdlikn"
        color="black"
        label="DEL"
      >
        DEL
      </button>
      <button
        class="sc-bdnxRM cOanBT sc-fujyAs gdlikn"
        color="black"
        label="/"
      >
        /
      </button>
      <button
        class="sc-bdnxRM joDfND sc-fujyAs gdlikn"
        color="black"
        label="1"
      >
        1
      </button>
      <button
        class="sc-bdnxRM joDfND sc-fujyAs gdlikn"
        color="black"
        label="2"
      >
        2
      </button>
      <button
        class="sc-bdnxRM joDfND sc-fujyAs gdlikn"
        color="black"
        label="3"
      >
        3
      </button>
      <button
        class="sc-bdnxRM cOanBT sc-fujyAs gdlikn"
        color="black"
        label="*"
      >
        *
      </button>
      <button
        class="sc-bdnxRM joDfND sc-fujyAs gdlikn"
        color="black"
        label="4"
      >
        4
      </button>
      <button
        class="sc-bdnxRM joDfND sc-fujyAs gdlikn"
        color="black"
        label="5"
      >
        5
      </button>
      <button
        class="sc-bdnxRM joDfND sc-fujyAs gdlikn"
        color="black"
        label="6"
      >
        6
      </button>
      <button
        class="sc-bdnxRM cOanBT sc-fujyAs gdlikn"
        color="black"
        label="+"
      >
        +
      </button>
      <button
        class="sc-bdnxRM joDfND sc-fujyAs gdlikn"
        color="black"
        label="7"
      >
        7
      </button>
      <button
        class="sc-bdnxRM joDfND sc-fujyAs gdlikn"
        color="black"
        label="8"
      >
        8
      </button>
      <button
        class="sc-bdnxRM joDfND sc-fujyAs gdlikn"
        color="black"
        label="9"
      >
        9
      </button>
      <button
        class="sc-bdnxRM cOanBT sc-fujyAs gdlikn"
        color="black"
        label="-"
      >
        -
      </button>
      <button
        class="sc-bdnxRM joDfND sc-fujyAs gdlikn"
        color="black"
        label="."
      >
        .
      </button>
      <button
        class="sc-bdnxRM joDfND sc-fujyAs gdlikn"
        color="black"
        label="0"
      >
        0
      </button>
      <button
        class="sc-bdnxRM eJuZHN sc-fujyAs gdlikn"
        color="white"
        label="="
        span="2"
      >
        =
      </button>
    </div>
    <div
      class="sc-pNWdM blrIog"
    />
  </div>
</DocumentFragment>
`;

exports[`Current operation correctly changes after Clear 1`] = `
<DocumentFragment>
  <div
    class="sc-gtsrHT dfpLLh"
  >
    <div
      class="sc-dlnjwi iSuClT"
    >
      <div
        class="sc-jSFjdj hxnBlO"
      >
        <div
          class="sc-eCApnc dXrzPs"
          data-testid="history-icon"
          title="Show history"
        >
          ⎌
        </div>
        <span
          class="sc-gKAaRy hacYTM"
          data-testid="previous-operation"
        >
          ANS
        </span>
        <span
          class="sc-iCoGMd fnuvty"
          data-testid="current-operation"
        >
          0
        </span>
      </div>
      <button
        class="sc-bdnxRM rpSRV sc-fujyAs gdlikn"
        color="black"
        label="AC"
        span="2"
      >
        AC
      </button>
      <button
        class="sc-bdnxRM cOanBT sc-fujyAs gdlikn"
        color="black"
        label="DEL"
      >
        DEL
      </button>
      <button
        class="sc-bdnxRM cOanBT sc-fujyAs gdlikn"
        color="black"
        label="/"
      >
        /
      </button>
      <button
        class="sc-bdnxRM joDfND sc-fujyAs gdlikn"
        color="black"
        label="1"
      >
        1
      </button>
      <button
        class="sc-bdnxRM joDfND sc-fujyAs gdlikn"
        color="black"
        label="2"
      >
        2
      </button>
      <button
        class="sc-bdnxRM joDfND sc-fujyAs gdlikn"
        color="black"
        label="3"
      >
        3
      </button>
      <button
        class="sc-bdnxRM cOanBT sc-fujyAs gdlikn"
        color="black"
        label="*"
      >
        *
      </button>
      <button
        class="sc-bdnxRM joDfND sc-fujyAs gdlikn"
        color="black"
        label="4"
      >
        4
      </button>
      <button
        class="sc-bdnxRM joDfND sc-fujyAs gdlikn"
        color="black"
        label="5"
      >
        5
      </button>
      <button
        class="sc-bdnxRM joDfND sc-fujyAs gdlikn"
        color="black"
        label="6"
      >
        6
      </button>
      <button
        class="sc-bdnxRM cOanBT sc-fujyAs gdlikn"
        color="black"
        label="+"
      >
        +
      </button>
      <button
        class="sc-bdnxRM joDfND sc-fujyAs gdlikn"
        color="black"
        label="7"
      >
        7
      </button>
      <button
        class="sc-bdnxRM joDfND sc-fujyAs gdlikn"
        color="black"
        label="8"
      >
        8
      </button>
      <button
        class="sc-bdnxRM joDfND sc-fujyAs gdlikn"
        color="black"
        label="9"
      >
        9
      </button>
      <button
        class="sc-bdnxRM cOanBT sc-fujyAs gdlikn"
        color="black"
        label="-"
      >
        -
      </button>
      <button
        class="sc-bdnxRM joDfND sc-fujyAs gdlikn"
        color="black"
        label="."
      >
        .
      </button>
      <button
        class="sc-bdnxRM joDfND sc-fujyAs gdlikn"
        color="black"
        label="0"
      >
        0
      </button>
      <button
        class="sc-bdnxRM eJuZHN sc-fujyAs gdlikn"
        color="white"
        label="="
        span="2"
      >
        =
      </button>
    </div>
    <div
      class="sc-pNWdM blrIog"
    />
  </div>
</DocumentFragment>
`;

exports[`Current operation correctly changes after click 1`] = `
<DocumentFragment>
  <div
    class="sc-gtsrHT dfpLLh"
  >
    <div
      class="sc-dlnjwi iSuClT"
    >
      <div
        class="sc-jSFjdj hxnBlO"
      >
        <div
          class="sc-eCApnc dXrzPs"
          data-testid="history-icon"
          title="Show history"
        >
          ⎌
        </div>
        <span
          class="sc-gKAaRy hacYTM"
          data-testid="previous-operation"
        >
          ANS
        </span>
        <span
          class="sc-iCoGMd fnuvty"
          data-testid="current-operation"
        >
          0
        </span>
      </div>
      <button
        class="sc-bdnxRM rpSRV sc-fujyAs gdlikn"
        color="black"
        label="AC"
        span="2"
      >
        AC
      </button>
      <button
        class="sc-bdnxRM cOanBT sc-fujyAs gdlikn"
        color="black"
        label="DEL"
      >
        DEL
      </button>
      <button
        class="sc-bdnxRM cOanBT sc-fujyAs gdlikn"
        color="black"
        label="/"
      >
        /
      </button>
      <button
        class="sc-bdnxRM joDfND sc-fujyAs gdlikn"
        color="black"
        label="1"
      >
        1
      </button>
      <button
        class="sc-bdnxRM joDfND sc-fujyAs gdlikn"
        color="black"
        label="2"
      >
        2
      </button>
      <button
        class="sc-bdnxRM joDfND sc-fujyAs gdlikn"
        color="black"
        label="3"
      >
        3
      </button>
      <button
        class="sc-bdnxRM cOanBT sc-fujyAs gdlikn"
        color="black"
        label="*"
      >
        *
      </button>
      <button
        class="sc-bdnxRM joDfND sc-fujyAs gdlikn"
        color="black"
        label="4"
      >
        4
      </button>
      <button
        class="sc-bdnxRM joDfND sc-fujyAs gdlikn"
        color="black"
        label="5"
      >
        5
      </button>
      <button
        class="sc-bdnxRM joDfND sc-fujyAs gdlikn"
        color="black"
        label="6"
      >
        6
      </button>
      <button
        class="sc-bdnxRM cOanBT sc-fujyAs gdlikn"
        color="black"
        label="+"
      >
        +
      </button>
      <button
        class="sc-bdnxRM joDfND sc-fujyAs gdlikn"
        color="black"
        label="7"
      >
        7
      </button>
      <button
        class="sc-bdnxRM joDfND sc-fujyAs gdlikn"
        color="black"
        label="8"
      >
        8
      </button>
      <button
        class="sc-bdnxRM joDfND sc-fujyAs gdlikn"
        color="black"
        label="9"
      >
        9
      </button>
      <button
        class="sc-bdnxRM cOanBT sc-fujyAs gdlikn"
        color="black"
        label="-"
      >
        -
      </button>
      <button
        class="sc-bdnxRM joDfND sc-fujyAs gdlikn"
        color="black"
        label="."
      >
        .
      </button>
      <button
        class="sc-bdnxRM joDfND sc-fujyAs gdlikn"
        color="black"
        label="0"
      >
        0
      </button>
      <button
        class="sc-bdnxRM eJuZHN sc-fujyAs gdlikn"
        color="white"
        label="="
        span="2"
      >
        =
      </button>
    </div>
    <div
      class="sc-pNWdM blrIog"
    />
  </div>
</DocumentFragment>
`;

exports[`Current operation correctly changes after keydown 1`] = `
<DocumentFragment>
  <div
    class="sc-gtsrHT dfpLLh"
  >
    <div
      class="sc-dlnjwi iSuClT"
    >
      <div
        class="sc-jSFjdj hxnBlO"
      >
        <div
          class="sc-eCApnc dXrzPs"
          data-testid="history-icon"
          title="Show history"
        >
          ⎌
        </div>
        <span
          class="sc-gKAaRy hacYTM"
          data-testid="previous-operation"
        >
          ANS
        </span>
        <span
          class="sc-iCoGMd fnuvty"
          data-testid="current-operation"
        >
          0
        </span>
      </div>
      <button
        class="sc-bdnxRM rpSRV sc-fujyAs gdlikn"
        color="black"
        label="AC"
        span="2"
      >
        AC
      </button>
      <button
        class="sc-bdnxRM cOanBT sc-fujyAs gdlikn"
        color="black"
        label="DEL"
      >
        DEL
      </button>
      <button
        class="sc-bdnxRM cOanBT sc-fujyAs gdlikn"
        color="black"
        label="/"
      >
        /
      </button>
      <button
        class="sc-bdnxRM joDfND sc-fujyAs gdlikn"
        color="black"
        label="1"
      >
        1
      </button>
      <button
        class="sc-bdnxRM joDfND sc-fujyAs gdlikn"
        color="black"
        label="2"
      >
        2
      </button>
      <button
        class="sc-bdnxRM joDfND sc-fujyAs gdlikn"
        color="black"
        label="3"
      >
        3
      </button>
      <button
        class="sc-bdnxRM cOanBT sc-fujyAs gdlikn"
        color="black"
        label="*"
      >
        *
      </button>
      <button
        class="sc-bdnxRM joDfND sc-fujyAs gdlikn"
        color="black"
        label="4"
      >
        4
      </button>
      <button
        class="sc-bdnxRM joDfND sc-fujyAs gdlikn"
        color="black"
        label="5"
      >
        5
      </button>
      <button
        class="sc-bdnxRM joDfND sc-fujyAs gdlikn"
        color="black"
        label="6"
      >
        6
      </button>
      <button
        class="sc-bdnxRM cOanBT sc-fujyAs gdlikn"
        color="black"
        label="+"
      >
        +
      </button>
      <button
        class="sc-bdnxRM joDfND sc-fujyAs gdlikn"
        color="black"
        label="7"
      >
        7
      </button>
      <button
        class="sc-bdnxRM joDfND sc-fujyAs gdlikn"
        color="black"
        label="8"
      >
        8
      </button>
      <button
        class="sc-bdnxRM joDfND sc-fujyAs gdlikn"
        color="black"
        label="9"
      >
        9
      </button>
      <button
        class="sc-bdnxRM cOanBT sc-fujyAs gdlikn"
        color="black"
        label="-"
      >
        -
      </button>
      <button
        class="sc-bdnxRM joDfND sc-fujyAs gdlikn"
        color="black"
        label="."
      >
        .
      </button>
      <button
        class="sc-bdnxRM joDfND sc-fujyAs gdlikn"
        color="black"
        label="0"
      >
        0
      </button>
      <button
        class="sc-bdnxRM eJuZHN sc-fujyAs gdlikn"
        color="white"
        label="="
        span="2"
      >
        =
      </button>
    </div>
    <div
      class="sc-pNWdM blrIog"
    />
  </div>
</DocumentFragment>
`;

exports[`Displays history perperly 1`] = `
<DocumentFragment>
  <div
    class="sc-gtsrHT dfpLLh"
  >
    <div
      class="sc-dlnjwi iSuClT"
    >
      <div
        class="sc-jSFjdj hxnBlO"
      >
        <div
          class="sc-eCApnc dXrzPs"
          data-testid="history-icon"
          title="Show history"
        >
          ⎌
        </div>
        <span
          class="sc-gKAaRy hacYTM"
          data-testid="previous-operation"
        >
          ANS
        </span>
        <span
          class="sc-iCoGMd fnuvty"
          data-testid="current-operation"
        >
          0
        </span>
      </div>
      <button
        class="sc-bdnxRM rpSRV sc-fujyAs gdlikn"
        color="black"
        label="AC"
        span="2"
      >
        AC
      </button>
      <button
        class="sc-bdnxRM cOanBT sc-fujyAs gdlikn"
        color="black"
        label="DEL"
      >
        DEL
      </button>
      <button
        class="sc-bdnxRM cOanBT sc-fujyAs gdlikn"
        color="black"
        label="/"
      >
        /
      </button>
      <button
        class="sc-bdnxRM joDfND sc-fujyAs gdlikn"
        color="black"
        label="1"
      >
        1
      </button>
      <button
        class="sc-bdnxRM joDfND sc-fujyAs gdlikn"
        color="black"
        label="2"
      >
        2
      </button>
      <button
        class="sc-bdnxRM joDfND sc-fujyAs gdlikn"
        color="black"
        label="3"
      >
        3
      </button>
      <button
        class="sc-bdnxRM cOanBT sc-fujyAs gdlikn"
        color="black"
        label="*"
      >
        *
      </button>
      <button
        class="sc-bdnxRM joDfND sc-fujyAs gdlikn"
        color="black"
        label="4"
      >
        4
      </button>
      <button
        class="sc-bdnxRM joDfND sc-fujyAs gdlikn"
        color="black"
        label="5"
      >
        5
      </button>
      <button
        class="sc-bdnxRM joDfND sc-fujyAs gdlikn"
        color="black"
        label="6"
      >
        6
      </button>
      <button
        class="sc-bdnxRM cOanBT sc-fujyAs gdlikn"
        color="black"
        label="+"
      >
        +
      </button>
      <button
        class="sc-bdnxRM joDfND sc-fujyAs gdlikn"
        color="black"
        label="7"
      >
        7
      </button>
      <button
        class="sc-bdnxRM joDfND sc-fujyAs gdlikn"
        color="black"
        label="8"
      >
        8
      </button>
      <button
        class="sc-bdnxRM joDfND sc-fujyAs gdlikn"
        color="black"
        label="9"
      >
        9
      </button>
      <button
        class="sc-bdnxRM cOanBT sc-fujyAs gdlikn"
        color="black"
        label="-"
      >
        -
      </button>
      <button
        class="sc-bdnxRM joDfND sc-fujyAs gdlikn"
        color="black"
        label="."
      >
        .
      </button>
      <button
        class="sc-bdnxRM joDfND sc-fujyAs gdlikn"
        color="black"
        label="0"
      >
        0
      </button>
      <button
        class="sc-bdnxRM eJuZHN sc-fujyAs gdlikn"
        color="white"
        label="="
        span="2"
      >
        =
      </button>
    </div>
    <div
      class="sc-pNWdM blrIog"
    />
  </div>
</DocumentFragment>
`;

exports[`Renders properly 1`] = `
<DocumentFragment>
  <div
    class="sc-gtsrHT dfpLLh"
  >
    <div
      class="sc-dlnjwi iSuClT"
    >
      <div
        class="sc-jSFjdj hxnBlO"
      >
        <div
          class="sc-eCApnc dXrzPs"
          data-testid="history-icon"
          title="Show history"
        >
          ⎌
        </div>
        <span
          class="sc-gKAaRy hacYTM"
          data-testid="previous-operation"
        >
          ANS
        </span>
        <span
          class="sc-iCoGMd fnuvty"
          data-testid="current-operation"
        >
          0
        </span>
      </div>
      <button
        class="sc-bdnxRM rpSRV sc-fujyAs gdlikn"
        color="black"
        label="AC"
        span="2"
      >
        AC
      </button>
      <button
        class="sc-bdnxRM cOanBT sc-fujyAs gdlikn"
        color="black"
        label="DEL"
      >
        DEL
      </button>
      <button
        class="sc-bdnxRM cOanBT sc-fujyAs gdlikn"
        color="black"
        label="/"
      >
        /
      </button>
      <button
        class="sc-bdnxRM joDfND sc-fujyAs gdlikn"
        color="black"
        label="1"
      >
        1
      </button>
      <button
        class="sc-bdnxRM joDfND sc-fujyAs gdlikn"
        color="black"
        label="2"
      >
        2
      </button>
      <button
        class="sc-bdnxRM joDfND sc-fujyAs gdlikn"
        color="black"
        label="3"
      >
        3
      </button>
      <button
        class="sc-bdnxRM cOanBT sc-fujyAs gdlikn"
        color="black"
        label="*"
      >
        *
      </button>
      <button
        class="sc-bdnxRM joDfND sc-fujyAs gdlikn"
        color="black"
        label="4"
      >
        4
      </button>
      <button
        class="sc-bdnxRM joDfND sc-fujyAs gdlikn"
        color="black"
        label="5"
      >
        5
      </button>
      <button
        class="sc-bdnxRM joDfND sc-fujyAs gdlikn"
        color="black"
        label="6"
      >
        6
      </button>
      <button
        class="sc-bdnxRM cOanBT sc-fujyAs gdlikn"
        color="black"
        label="+"
      >
        +
      </button>
      <button
        class="sc-bdnxRM joDfND sc-fujyAs gdlikn"
        color="black"
        label="7"
      >
        7
      </button>
      <button
        class="sc-bdnxRM joDfND sc-fujyAs gdlikn"
        color="black"
        label="8"
      >
        8
      </button>
      <button
        class="sc-bdnxRM joDfND sc-fujyAs gdlikn"
        color="black"
        label="9"
      >
        9
      </button>
      <button
        class="sc-bdnxRM cOanBT sc-fujyAs gdlikn"
        color="black"
        label="-"
      >
        -
      </button>
      <button
        class="sc-bdnxRM joDfND sc-fujyAs gdlikn"
        color="black"
        label="."
      >
        .
      </button>
      <button
        class="sc-bdnxRM joDfND sc-fujyAs gdlikn"
        color="black"
        label="0"
      >
        0
      </button>
      <button
        class="sc-bdnxRM eJuZHN sc-fujyAs gdlikn"
        color="white"
        label="="
        span="2"
      >
        =
      </button>
    </div>
    <div
      class="sc-pNWdM blrIog"
    />
  </div>
</DocumentFragment>
`;
